[[90m09:44:40[39m] Using gulpfile C:\IA\crm-power-pane\gulpfile.js
[[90m09:44:40[39m] Starting 'build'...
[[90m09:44:40[39m] Starting 'manifest'...
[[90m09:44:40[39m] Starting 'ui'...
[[90m09:44:40[39m] Starting 'img'...
[[90m09:44:40[39m] Starting 'js'...
[[90m09:44:40[39m] Starting 'ui'...
[[90m09:44:40[39m] Starting 'img'...
[[90m09:44:40[39m] Starting 'js'...
[[90m09:44:40[39m] Starting 'html-ui'...
[[90m09:44:40[39m] Starting 'js-ui'...
[[90m09:44:40[39m] Starting 'sass-ui'...
node.exe : [31mError[39m in plugin 
"[36mgulp-sass[39m"
En C:\Program Files\nodejs\npx.ps1: 29 Carácter: 3
+   & $NODE_EXE $NPX_CLI_JS $args
+   ~~~~~~~~~~~~~~~~~~~~~~~~~~~~~
    + CategoryInfo          : NotSpecified: ([31 
   mError[39m...gulp-sass[39m":String) [], Rem  
  oteException
    + FullyQualifiedErrorId : NativeCommandError
 
Message:
    
gulp-sass no longer has a default Sass compiler; 
please set one yourself.
Both the "sass" and "node-sass" packages are 
permitted.
For example, in your gulpfile:

  const sass = 
require('gulp-sass')(require('sass'));

[[90m09:44:40[39m] The following tasks did not complete: build, <parallel>, manifest, ui, img, js, <parallel>, <parallel>, ui, img, js, html-ui, js-ui, sass-ui, <parallel>
[[90m09:44:40[39m] Did you forget to signal async completion?
